Testing /register...
Register Response: 201 {
  token: 'eyJhbGciOiJIUzI1NiIsInR5cCI6IkpXVCJ9.eyJpZCI6IjBkMjUyNDUzLWMxYjYtNGYxMi05ZjNhLWFkY2ZlZTQ3MTMyZCIsImVtYWlsIjoidGVzdDE3NzM4OTU4Mjk3NjVAZXhhbXBsZS5jb20iLCJyb2xlIjoic3R1ZGVudCIsIm5hbWUiOiJUZXN0IFVzZXIgMTc3Mzg5NTgyOTc2NCIsImJhdGNoX2lkIjpudWxsLCJpYXQiOjE3NzM4OTU4MzIsImV4cCI6MTc3NDUwMDYzMn0.Yv_1LqNz9QQV4t9D5nEMpoYan28LCDgUR8ptyROfY6M',
  user: {
    id: '0d252453-c1b6-4f12-9f3a-adcfee47132d',
    name: 'Test User 1773895829764',
    email: 'test1773895829765@example.com',
    role: 'student',
    batch_id: null,
    avatar_url: null,
    created_at: '2026-03-19T04:50:32.36261+00:00'
  }
}

Testing /login...
Login Response: 200 {
  token: 'eyJhbGciOiJIUzI1NiIsInR5cCI6IkpXVCJ9.eyJpZCI6IjBkMjUyNDUzLWMxYjYtNGYxMi05ZjNhLWFkY2ZlZTQ3MTMyZCIsImVtYWlsIjoidGVzdDE3NzM4OTU4Mjk3NjVAZXhhbXBsZS5jb20iLCJyb2xlIjoic3R1ZGVudCIsIm5hbWUiOiJUZXN0IFVzZXIgMTc3Mzg5NTgyOTc2NCIsImJhdGNoX2lkIjpudWxsLCJpYXQiOjE3NzM4OTU4MzMsImV4cCI6MTc3NDUwMDYzM30.RcAtxisVLJG-8b-5AMHmwESrg30tOPX3ljr4RrGf7Bw',
  user: {
    id: '0d252453-c1b6-4f12-9f3a-adcfee47132d',
    name: 'Test User 1773895829764',
    email: 'test1773895829765@example.com',
    role: 'student',
    batch_id: null,
    avatar_url: null,
    created_at: '2026-03-19T04:50:32.36261+00:00'
  }
}

Testing /forgot-password...
Forgot Password Response: 200 { message: 'If this email exists, a reset link has been sent.' }
